== http2client harness validation (h2-test-harness) ==
image:    sha256:0dd39293b87e
ids:      146

running 146 ids (reference + probe each)...
  3.5/1            ref=fail/eof          ours=conn-error    UNKNOWN
  3.5/2            ref=pass/conn-error   ours=conn-error    MATCH
  4.1/1            ref=fail/unresolved   ours=conn-error    UNKNOWN
  4.1/2            ref=fail/eof          ours=conn-error    UNKNOWN
  4.1/3            ref=fail/unresolved   ours=conn-error    UNKNOWN
  4.2/1            ref=fail/unresolved   ours=conn-error    UNKNOWN
  4.2/2            ref=fail/unresolved   ours=conn-error    CLASS-DIFF
  4.2/3            ref=pass/conn-error   ours=conn-error    MATCH
  5.1.1/1          ref=fail/eof          ours=conn-error    BETTER
  5.1.1/2          ref=pass/stream-error ours=stream-error  CLASS-DIFF
  5.1.2/1          ref=fail/unresolved   ours=stream-error  BETTER
  5.1/1            ref=pass/stream-error ours=conn-error    MATCH
  5.1/10           ref=fail/unresolved   ours=stream-error  BETTER
  5.1/11           ref=fail/unresolved   ours=stream-error  BETTER
  5.1/12           ref=pass/stream-error ours=stream-error  CLASS-DIFF
  5.1/13           ref=pass/stream-error ours=stream-error  CLASS-DIFF
  5.1/2            ref=pass/stream-error ours=stream-error  CLASS-DIFF
  5.1/3            ref=fail/eof          ours=conn-error    BETTER
  5.1/4            ref=pass/conn-error   ours=conn-error    MATCH
  5.1/5            ref=fail/unresolved   ours=stream-error  BETTER
  5.1/6            ref=fail/unresolved   ours=stream-error  BETTER
  5.1/7            ref=fail/unresolved   ours=stream-error  BETTER
  5.1/8            ref=fail/unresolved   ours=stream-error  BETTER
  5.1/9            ref=fail/unresolved   ours=stream-error  BETTER
  5.3.1/1          ref=fail/unresolved   ours=stream-error  BETTER
  5.3.1/2          ref=fail/unresolved   ours=stream-error  BETTER
  5.4.1/1          ref=pass/conn-error   ours=conn-error    MATCH
  5.4.1/2          ref=pass/conn-error   ours=conn-error    MATCH
  6.1/1            ref=pass/conn-error   ours=conn-error    MATCH
  6.1/2            ref=fail/unresolved   ours=conn-error    CLASS-DIFF
  6.1/3            ref=pass/conn-error   ours=conn-error    MATCH
  6.10/2           ref=pass/conn-error   ours=conn-error    MATCH
  6.10/3           ref=fail/eof          ours=conn-error    BETTER
  6.10/4           ref=fail/unresolved   ours=conn-error    BETTER
  6.10/5           ref=fail/unresolved   ours=timeout       UNKNOWN
  6.10/6           ref=fail/unresolved   ours=conn-error    BETTER
  6.2/1            ref=pass/stream-error ours=stream-error  CLASS-DIFF
  6.2/2            ref=pass/conn-error   ours=conn-error    MATCH
  6.2/3            ref=fail/unresolved   ours=conn-error    BETTER
  6.2/4            ref=pass/stream-error ours=conn-error    MATCH
  6.3/1            ref=pass/conn-error   ours=conn-error    MATCH
  6.3/2            ref=fail/unresolved   ours=conn-error    CLASS-DIFF
  6.4/1            ref=pass/conn-error   ours=conn-error    MATCH
  6.4/2            ref=pass/stream-error ours=stream-error  CLASS-DIFF
  6.4/3            ref=pass/conn-error   ours=conn-error    MATCH
  6.5.2/1          ref=fail/eof          ours=conn-error    BETTER
  6.5.2/2          ref=pass/conn-error   ours=conn-error    MATCH
  6.5.2/3          ref=fail/eof          ours=conn-error    BETTER
  6.5.2/4          ref=fail/eof          ours=conn-error    BETTER
  6.5.2/5          ref=fail/eof          ours=conn-error    UNKNOWN
  6.5.3/2          ref=fail/eof          ours=conn-error    UNKNOWN
  6.5/1            ref=pass/conn-error   ours=conn-error    MATCH
  6.5/2            ref=pass/conn-error   ours=conn-error    MATCH
  6.5/3            ref=pass/conn-error   ours=conn-error    MATCH
  6.7/1            ref=fail/eof          ours=conn-error    UNKNOWN
  6.7/2            ref=fail/eof          ours=conn-error    UNKNOWN
  6.7/3            ref=pass/conn-error   ours=conn-error    MATCH
  6.7/4            ref=pass/conn-error   ours=conn-error    MATCH
  6.8/1            ref=pass/conn-error   ours=conn-error    MATCH
  6.9.1/1          ref=fail/unresolved   ours=stream-error  UNKNOWN
  6.9.1/2          ref=pass/conn-error   ours=conn-error    MATCH
  6.9.1/3          ref=fail/unresolved   ours=stream-error  BETTER
  6.9.2/3          ref=pass/conn-error   ours=conn-error    MATCH
  6.9/1            ref=fail/eof          ours=conn-error    BETTER
  6.9/2            ref=fail/unresolved   ours=conn-error    CLASS-DIFF
  6.9/3            ref=pass/conn-error   ours=conn-error    MATCH
  8.1.2.1/1        ref=fail/unresolved   ours=stream-error  BETTER
  8.1.2.1/2        ref=fail/unresolved   ours=stream-error  BETTER
  8.1.2.1/3        ref=fail/unresolved   ours=conn-error    CLASS-DIFF
  8.1.2.1/4        ref=fail/unresolved   ours=stream-error  BETTER
  8.1.2.2/1        ref=fail/unresolved   ours=conn-error    CLASS-DIFF
  8.1.2.2/2        ref=fail/unresolved   ours=stream-error  BETTER
  8.1.2.3/1        ref=fail/unresolved   ours=stream-error  BETTER
  8.1.2.3/2        ref=fail/unresolved   ours=stream-error  BETTER
  8.1.2.3/3        ref=fail/unresolved   ours=stream-error  BETTER
  8.1.2.3/4        ref=fail/unresolved   ours=stream-error  BETTER
  8.1.2.3/5        ref=fail/unresolved   ours=stream-error  BETTER
  8.1.2.3/6        ref=fail/unresolved   ours=stream-error  BETTER
  8.1.2.3/7        ref=fail/unresolved   ours=stream-error  BETTER
  8.1.2.6/1        ref=fail/unresolved   ours=stream-error  BETTER
  8.1.2.6/2        ref=fail/unresolved   ours=stream-error  BETTER
  8.1.2/1          ref=fail/unresolved   ours=stream-error  BETTER
  8.1/1            ref=fail/unresolved   ours=stream-error  BETTER
  8.2/1            ref=pass/conn-error   ours=conn-error    MATCH
  complete/1       ref=fail/eof          ours=conn-error    UNKNOWN
  complete/10      ref=fail/unresolved   ours=conn-error    UNKNOWN
  complete/11      ref=fail/eof          ours=conn-error    UNKNOWN
  complete/12      ref=fail/unresolved   ours=conn-error    UNKNOWN
  complete/13      ref=fail/eof          ours=conn-error    UNKNOWN
  complete/2       ref=fail/unresolved   ours=conn-error    UNKNOWN
  complete/3       ref=fail/unresolved   ours=conn-error    UNKNOWN
  complete/4       ref=fail/eof          ours=conn-error    UNKNOWN
  complete/5       ref=fail/unresolved   ours=stream-error  UNKNOWN
  complete/6       ref=fail/unresolved   ours=conn-error    UNKNOWN
  complete/7       ref=fail/unresolved   ours=conn-error    UNKNOWN
  complete/8       ref=fail/unresolved   ours=stream-error  UNKNOWN
  complete/9       ref=fail/unresolved   ours=conn-error    UNKNOWN
  extra/1          ref=fail/unresolved   ours=conn-error    UNKNOWN
  extra/2          ref=fail/eof          ours=conn-error    UNKNOWN
  extra/3          ref=fail/eof          ours=conn-error    UNKNOWN
  extra/4          ref=fail/unresolved   ours=conn-error    UNKNOWN
  extra/5          ref=fail/unresolved   ours=conn-error    UNKNOWN
  final/1          ref=fail/unresolved   ours=conn-error    UNKNOWN
  final/2          ref=fail/unresolved   ours=stream-error  UNKNOWN
  generic/1/1      ref=fail/eof          ours=conn-error    UNKNOWN
  generic/2/1      ref=fail/unresolved   ours=stream-error  UNKNOWN
  generic/3.1/1    ref=fail/unresolved   ours=stream-error  UNKNOWN
  generic/3.1/2    ref=fail/unresolved   ours=stream-error  UNKNOWN
  generic/3.1/3    ref=fail/unresolved   ours=stream-error  UNKNOWN
  generic/3.10/1   ref=fail/unresolved   ours=stream-error  UNKNOWN
  generic/3.2/1    ref=fail/unresolved   ours=stream-error  UNKNOWN
  generic/3.2/2    ref=fail/unresolved   ours=stream-error  UNKNOWN
  generic/3.2/3    ref=fail/unresolved   ours=stream-error  UNKNOWN
  generic/3.3/1    ref=fail/eof          ours=conn-error    UNKNOWN
  generic/3.3/2    ref=fail/eof          ours=conn-error    UNKNOWN
  generic/3.3/3    ref=fail/eof          ours=conn-error    UNKNOWN
  generic/3.3/4    ref=fail/eof          ours=conn-error    UNKNOWN
  generic/3.3/5    ref=fail/unresolved   ours=stream-error  UNKNOWN
  generic/3.4/1    ref=fail/unresolved   ours=stream-error  UNKNOWN
  generic/3.5/1    ref=fail/unresolved   ours=conn-error    UNKNOWN
  generic/3.7/1    ref=fail/unresolved   ours=conn-error    UNKNOWN
  generic/3.8/1    ref=fail/unresolved   ours=conn-error    UNKNOWN
  generic/3.9/1    ref=fail/eof          ours=conn-error    UNKNOWN
  generic/4/1      ref=fail/unresolved   ours=stream-error  UNKNOWN
  generic/4/2      ref=fail/unresolved   ours=stream-error  UNKNOWN
  generic/5/1      ref=fail/unresolved   ours=conn-error    UNKNOWN
  generic/misc/1   ref=fail/unresolved   ours=stream-error  UNKNOWN
  hpack/2.3.3/1    ref=pass/conn-error   ours=conn-error    MATCH
  hpack/2.3.3/2    ref=pass/conn-error   ours=conn-error    MATCH
  hpack/2.3/1      ref=fail/unresolved   ours=stream-error  UNKNOWN
  hpack/4.1/1      ref=fail/unresolved   ours=conn-error    UNKNOWN
  hpack/4.2/1      ref=fail/unresolved   ours=conn-error    BETTER
  hpack/5.2/1      ref=fail/eof          ours=conn-error    BETTER
  hpack/5.2/2      ref=fail/eof          ours=conn-error    BETTER
  hpack/5.2/3      ref=fail/eof          ours=conn-error    BETTER
  hpack/6.1/1      ref=pass/conn-error   ours=conn-error    MATCH
  hpack/6.2.2/1    ref=fail/unresolved   ours=conn-error    UNKNOWN
  hpack/6.2.3/1    ref=fail/unresolved   ours=conn-error    UNKNOWN
  hpack/6.2/1      ref=fail/unresolved   ours=conn-error    UNKNOWN
  hpack/6.3/1      ref=fail/unresolved   ours=stream-error  CLASS-DIFF
  hpack/misc/1     ref=fail/unresolved   ours=conn-error    UNKNOWN
  http2/4.3/1      ref=fail/unresolved   ours=conn-error    UNKNOWN
  http2/5.5/1      ref=fail/eof          ours=conn-error    UNKNOWN
  http2/7/1        ref=fail/unresolved   ours=stream-error  UNKNOWN
  http2/8.1.2.4/1  ref=fail/eof          ours=conn-error    BETTER
  http2/8.1.2.5/1  ref=pass/conn-error   ours=conn-error    MATCH

harness: MATCH=29 BETTER=41 WORSE=0 CLASS-DIFF=13 UNKNOWN=63
wrote /Users/liamcoughlin/Source/lscoughlin/http2client/bin/validation-results.md
RESULT: PASS=70 FAIL=0 CLASS-DIFF=13 UNKNOWN=63
